$ ls -lah
total 148K
drwxr-xr-x 15 root root 4.0K May 31 16:02 .
drwxr-xr-x 11 root root 4.0K May 31 14:22 ..
drwxr-xr-x  8 root root 4.0K May 31 16:03 .git
-rw-r--r--  1 root root  115 May 31 11:30 .gitignore
-rw-r--r--  1 root root 4.7K May 31 16:10 AGENTS.md
-rw-r--r--  1 root root  16K May 31 11:30 EVAL.md
-rw-r--r--  1 root root  12K May 31 11:30 LICENSE
-rw-r--r--  1 root root  13K May 31 11:30 README.md
-rw-r--r--  1 root root 9.8K May 31 11:30 TRAIN.md
drwxr-xr-x  2 root root   48 May 31 14:04 __pycache__
-rw-r--r--  1 root root  27K May 31 11:30 app.py
drwxr-xr-x  2 root root   84 May 31 11:30 assets
drwxr-xr-x  5 root root 4.0K May 31 14:04 data
drwxr-xr-x  2 root root   47 May 31 15:58 docs
drwxr-xr-x  4 root root   63 May 31 11:30 eval
-rw-r--r--  1 root root  16K May 31 11:30 inference.ipynb
-rw-r--r--  1 root root  13K May 31 11:30 inferencer.py
drwxr-xr-x  7 root root  157 May 31 14:04 modeling
drwxr-xr-x  3 root root   34 May 31 12:12 models
drwxr-xr-x  4 root root   65 May 31 16:20 repro_records
-rw-r--r--  1 root root  435 May 31 11:30 requirements.txt
drwxr-xr-x  3 root root   46 May 31 11:30 scripts
drwxr-xr-x  2 root root   31 May 31 12:12 scripts_local
drwxr-xr-x  2 root root   75 May 31 11:30 test_images
drwxr-xr-x  2 root root  121 May 31 11:30 train

$ find . -maxdepth 2 -type f | sort | head -200
./.git/HEAD
./.git/config
./.git/description
./.git/index
./.git/packed-refs
./.gitignore
./AGENTS.md
./EVAL.md
./LICENSE
./README.md
./TRAIN.md
./__pycache__/inferencer.cpython-310.pyc
./app.py
./assets/arch.png
./assets/emerging_curves.png
./assets/teaser.webp
./data/__init__.py
./data/data_utils.py
./data/dataset_base.py
./data/dataset_info.py
./data/distributed_iterable_dataset.py
./data/parquet_utils.py
./data/t2i_dataset.py
./data/transforms.py
./data/video_utils.py
./data/vlm_dataset.py
./docs/codex_bagel_repro_plan.md
./eval/__init__.py
./inference.ipynb
./inferencer.py
./modeling/__init__.py
./modeling/autoencoder.py
./requirements.txt
./scripts/train.sh
./scripts_local/download_bagel.py
./test_images/meme.jpg
./test_images/octupusy.jpg
./test_images/women.jpg
./train/__init__.py
./train/fsdp_utils.py
./train/pretrain_unified_navit.py
./train/train_utils.py

$ ls -lah models || true
total 8.0K
drwxr-xr-x  3 root root   34 May 31 12:12 .
drwxr-xr-x 15 root root 4.0K May 31 16:02 ..
drwxr-xr-x  3 root root 4.0K May 31 12:12 BAGEL-7B-MoT

$ ls -lah models/BAGEL-7B-MoT || true
total 12M
drwxr-xr-x 3 root root 4.0K May 31 12:12 .
drwxr-xr-x 3 root root   34 May 31 12:12 ..
drwxr-xr-x 3 root root   33 May 31 12:12 .cache
-rw-r--r-- 1 root root 1.5K May 31 12:12 config.json
-rw-r--r-- 1 root root  243 May 31 12:12 generation_config.json
-rw-r--r-- 1 root root  663 May 31 12:12 llm_config.json
-rw-r--r-- 1 root root 1.6M May 31 12:12 merges.txt
-rw-r--r-- 1 root root 121K May 31 12:12 model.safetensors.index.json
-rw-r--r-- 1 root root  392 May 31 12:12 preprocessor_config.json
-rw-r--r-- 1 root root 6.8M May 31 12:12 tokenizer.json
-rw-r--r-- 1 root root 7.2K May 31 12:12 tokenizer_config.json
-rw-r--r-- 1 root root  205 May 31 12:12 vit_config.json
-rw-r--r-- 1 root root 2.7M May 31 12:12 vocab.json

$ find models/BAGEL-7B-MoT -maxdepth 2 -type f | sort | head -200 || true
models/BAGEL-7B-MoT/config.json
models/BAGEL-7B-MoT/generation_config.json
models/BAGEL-7B-MoT/llm_config.json
models/BAGEL-7B-MoT/merges.txt
models/BAGEL-7B-MoT/model.safetensors.index.json
models/BAGEL-7B-MoT/preprocessor_config.json
models/BAGEL-7B-MoT/tokenizer.json
models/BAGEL-7B-MoT/tokenizer_config.json
models/BAGEL-7B-MoT/vit_config.json
models/BAGEL-7B-MoT/vocab.json

$ du -sh models/BAGEL-7B-MoT || true
11G	models/BAGEL-7B-MoT

$ for f in models/BAGEL-7B-MoT/llm_config.json models/BAGEL-7B-MoT/vit_config.json models/BAGEL-7B-MoT/ae.safetensors models/BAGEL-7B-MoT/ema.safetensors; do if [ -f "$f" ]; then ls -lh "$f"; else echo "MISSING $f"; fi; done
-rw-r--r-- 1 root root 663 May 31 12:12 models/BAGEL-7B-MoT/llm_config.json
-rw-r--r-- 1 root root 205 May 31 12:12 models/BAGEL-7B-MoT/vit_config.json
MISSING models/BAGEL-7B-MoT/ae.safetensors
MISSING models/BAGEL-7B-MoT/ema.safetensors

$ find models/BAGEL-7B-MoT -type f -name '*.safetensors*' -printf '%p %s bytes\n' | sort | head -300 || true
models/BAGEL-7B-MoT/.cache/huggingface/download/model.safetensors.index.json.metadata 101 bytes
models/BAGEL-7B-MoT/model.safetensors.index.json 123109 bytes

$ find models/BAGEL-7B-MoT/.cache -maxdepth 5 -type f -printf '%p %s bytes\n' | sort | head -300 || true
models/BAGEL-7B-MoT/.cache/huggingface/.gitignore 1 bytes
models/BAGEL-7B-MoT/.cache/huggingface/download/9tCFHIjRQQGlCixyu3Q7Qzkl6Xo=.0b41c43835fd737b8c948e604870da522c091dcf151f3e8d55f84781765ee1a3.incomplete 11723079680 bytes
models/BAGEL-7B-MoT/.cache/huggingface/download/I1ZtT7xUl9700oQxiUVoRlAzmhA=.afc8e28272cd15db3919bacdb6918ce9c1ed22e96cb12c4d5ed0fba823529e38.incomplete 0 bytes
models/BAGEL-7B-MoT/.cache/huggingface/download/config.json.metadata 101 bytes
models/BAGEL-7B-MoT/.cache/huggingface/download/generation_config.json.metadata 101 bytes
models/BAGEL-7B-MoT/.cache/huggingface/download/llm_config.json.metadata 100 bytes
models/BAGEL-7B-MoT/.cache/huggingface/download/merges.txt.metadata 100 bytes
models/BAGEL-7B-MoT/.cache/huggingface/download/model.safetensors.index.json.metadata 101 bytes
models/BAGEL-7B-MoT/.cache/huggingface/download/preprocessor_config.json.metadata 100 bytes
models/BAGEL-7B-MoT/.cache/huggingface/download/tokenizer.json.metadata 100 bytes
models/BAGEL-7B-MoT/.cache/huggingface/download/tokenizer_config.json.metadata 100 bytes
models/BAGEL-7B-MoT/.cache/huggingface/download/vit_config.json.metadata 101 bytes
models/BAGEL-7B-MoT/.cache/huggingface/download/vocab.json.metadata 100 bytes

$ du -ah models/BAGEL-7B-MoT | sort -h | tail -50 || true
0	models/BAGEL-7B-MoT/.cache/huggingface/download/I1ZtT7xUl9700oQxiUVoRlAzmhA=.afc8e28272cd15db3919bacdb6918ce9c1ed22e96cb12c4d5ed0fba823529e38.incomplete
4.0K	models/BAGEL-7B-MoT/.cache/huggingface/.gitignore
4.0K	models/BAGEL-7B-MoT/.cache/huggingface/download/config.json.metadata
4.0K	models/BAGEL-7B-MoT/.cache/huggingface/download/generation_config.json.metadata
4.0K	models/BAGEL-7B-MoT/.cache/huggingface/download/llm_config.json.metadata
4.0K	models/BAGEL-7B-MoT/.cache/huggingface/download/merges.txt.metadata
4.0K	models/BAGEL-7B-MoT/.cache/huggingface/download/model.safetensors.index.json.metadata
4.0K	models/BAGEL-7B-MoT/.cache/huggingface/download/preprocessor_config.json.metadata
4.0K	models/BAGEL-7B-MoT/.cache/huggingface/download/tokenizer.json.metadata
4.0K	models/BAGEL-7B-MoT/.cache/huggingface/download/tokenizer_config.json.metadata
4.0K	models/BAGEL-7B-MoT/.cache/huggingface/download/vit_config.json.metadata
4.0K	models/BAGEL-7B-MoT/.cache/huggingface/download/vocab.json.metadata
4.0K	models/BAGEL-7B-MoT/config.json
4.0K	models/BAGEL-7B-MoT/generation_config.json
4.0K	models/BAGEL-7B-MoT/llm_config.json
4.0K	models/BAGEL-7B-MoT/preprocessor_config.json
4.0K	models/BAGEL-7B-MoT/vit_config.json
8.0K	models/BAGEL-7B-MoT/tokenizer_config.json
124K	models/BAGEL-7B-MoT/model.safetensors.index.json
1.6M	models/BAGEL-7B-MoT/merges.txt
2.7M	models/BAGEL-7B-MoT/vocab.json
6.8M	models/BAGEL-7B-MoT/tokenizer.json
11G	models/BAGEL-7B-MoT
11G	models/BAGEL-7B-MoT/.cache
11G	models/BAGEL-7B-MoT/.cache/huggingface
11G	models/BAGEL-7B-MoT/.cache/huggingface/download
11G	models/BAGEL-7B-MoT/.cache/huggingface/download/9tCFHIjRQQGlCixyu3Q7Qzkl6Xo=.0b41c43835fd737b8c948e604870da522c091dcf151f3e8d55f84781765ee1a3.incomplete

$ python - <<'PY'\nimport json, pathlib\nroot = pathlib.Path('models/BAGEL-7B-MoT')\nidx = root / 'model.safetensors.index.json'\nprint('index_exists:', idx.exists())\nif idx.exists():\n    data = json.loads(idx.read_text())\n    files = sorted(set(data.get('weight_map', {}).values()))\n    print('shard_count_in_index:', len(files))\n    missing = [f for f in files if not (root / f).exists()]\n    print('missing_shard_count:', len(missing))\n    for f in files[:20]:\n        p = root / f\n        print(('FOUND' if p.exists() else 'MISSING'), f)\n    if len(files) > 20:\n        print('...')\nPY
index_exists: True
shard_count_in_index: 2
missing_shard_count: 2
MISSING ae.safetensors
MISSING ema.safetensors
