START_UTC=2026-06-01T06:20:42Z
APP_PID=14122
Traceback (most recent call last):
  File "/root/autodl-tmp/BAGEL/app.py", line 1, in <module>
    import gradio as gr
ModuleNotFoundError: No module named 'gradio'
LAUNCH_POLL_SECONDS=1
Mon Jun  1 14:20:43 2026       
+-----------------------------------------------------------------------------------------+
| NVIDIA-SMI 595.58.03              Driver Version: 595.58.03      CUDA Version: 13.2     |
+-----------------------------------------+------------------------+----------------------+
| GPU  Name                 Persistence-M | Bus-Id          Disp.A | Volatile Uncorr. ECC |
| Fan  Temp   Perf          Pwr:Usage/Cap |           Memory-Usage | GPU-Util  Compute M. |
|                                         |                        |               MIG M. |
|=========================================+========================+======================|
|   0  NVIDIA GeForce RTX 4090        On  |   00000000:16:00.0 Off |                  Off |
| 30%   29C    P8             21W /  450W |       1MiB /  24564MiB |      0%      Default |
|                                         |                        |                  N/A |
+-----------------------------------------+------------------------+----------------------+
|   1  NVIDIA GeForce RTX 4090        On  |   00000000:5A:00.0 Off |                  Off |
| 30%   28C    P8             29W /  450W |     672MiB /  24564MiB |      0%      Default |
|                                         |                        |                  N/A |
+-----------------------------------------+------------------------+----------------------+

+-----------------------------------------------------------------------------------------+
| Processes:                                                                              |
|  GPU   GI   CI              PID   Type   Process name                        GPU Memory |
|        ID   ID                                                               Usage      |
|=========================================================================================|
|  No running processes found                                                             |
+-----------------------------------------------------------------------------------------+
LAUNCH_STATUS=failed_or_timeout
END_UTC=2026-06-01T06:20:44Z

===== RETRY_WITH_CONDA_BAGEL_MODE2 =====
START_UTC=2026-06-01T06:21:29Z
APP_PID=14387

===== FINAL_TASK2_CHECKS_2026-06-01T06:37Z =====

$ curl -I --max-time 5 http://127.0.0.1:7860 || true
  % Total    % Received % Xferd  Average Speed   Time    Time     Time  Current
                                 Dload  Upload   Total   Spent    Left  Speed
  0     0    0     0    0     0      0      0 --:--:-- --:--:-- --:--:--     0  0 84561    0     0    0     0      0      0 --:--:-- --:--:-- --:--:--     0
HTTP/1.1 200 OK
date: Mon, 01 Jun 2026 06:38:15 GMT
server: uvicorn
content-length: 84561
content-type: text/html; charset=utf-8


$ ps -ef | grep -E app.py | grep -v grep
root      14387      1  0 14:21 ?        00:00:00 /root/miniconda3/bin/python /root/miniconda3/bin/conda run -n bagel python app.py --mode 2 --server_name 0.0.0.0 --server_port 7860 --zh
root      14402  14396  4 14:21 ?        00:00:48 python app.py --mode 2 --server_name 0.0.0.0 --server_port 7860 --zh

$ nvidia-smi
Mon Jun  1 14:38:15 2026       
+-----------------------------------------------------------------------------------------+
| NVIDIA-SMI 595.58.03              Driver Version: 595.58.03      CUDA Version: 13.2     |
+-----------------------------------------+------------------------+----------------------+
| GPU  Name                 Persistence-M | Bus-Id          Disp.A | Volatile Uncorr. ECC |
| Fan  Temp   Perf          Pwr:Usage/Cap |           Memory-Usage | GPU-Util  Compute M. |
|                                         |                        |               MIG M. |
|=========================================+========================+======================|
|   0  NVIDIA GeForce RTX 4090        On  |   00000000:16:00.0 Off |                  Off |
| 30%   29C    P8             21W /  450W |    4052MiB /  24564MiB |      0%      Default |
|                                         |                        |                  N/A |
+-----------------------------------------+------------------------+----------------------+
|   1  NVIDIA GeForce RTX 4090        On  |   00000000:5A:00.0 Off |                  Off |
| 30%   28C    P8             28W /  450W |    4140MiB /  24564MiB |      0%      Default |
|                                         |                        |                  N/A |
+-----------------------------------------+------------------------+----------------------+

+-----------------------------------------------------------------------------------------+
| Processes:                                                                              |
|  GPU   GI   CI              PID   Type   Process name                        GPU Memory |
|        ID   ID                                                               Usage      |
|=========================================================================================|
|    0   N/A  N/A           14402      C   python                                 4042MiB |
|    1   N/A  N/A           14402      C   python                                 3462MiB |
+-----------------------------------------------------------------------------------------+
