===== task2 ui launch started at 2026-05-31 21:27:28 CST =====
===== pwd =====
/root/autodl-tmp/BAGEL
===== python version =====
Python 3.10.20

===== nvidia-smi before launch =====
Sun May 31 21:27:29 2026       
+-----------------------------------------------------------------------------------------+
| NVIDIA-SMI 595.58.03              Driver Version: 595.58.03      CUDA Version: 13.2     |
+-----------------------------------------+------------------------+----------------------+
| GPU  Name                 Persistence-M | Bus-Id          Disp.A | Volatile Uncorr. ECC |
| Fan  Temp   Perf          Pwr:Usage/Cap |           Memory-Usage | GPU-Util  Compute M. |
|                                         |                        |               MIG M. |
|=========================================+========================+======================|
|   0  NVIDIA GeForce RTX 4090        On  |   00000000:38:00.0 Off |                  Off |
| 30%   31C    P8             25W /  450W |       1MiB /  24564MiB |      0%      Default |
|                                         |                        |                  N/A |
+-----------------------------------------+------------------------+----------------------+
|   1  NVIDIA GeForce RTX 4090        On  |   00000000:D8:00.0 Off |                  Off |
| 30%   29C    P8             17W /  450W |       1MiB /  24564MiB |      0%      Default |
|                                         |                        |                  N/A |
+-----------------------------------------+------------------------+----------------------+

+-----------------------------------------------------------------------------------------+
| Processes:                                                                              |
|  GPU   GI   CI              PID   Type   Process name                        GPU Memory |
|        ID   ID                                                               Usage      |
|=========================================================================================|
|  No running processes found                                                             |
+-----------------------------------------------------------------------------------------+
===== launch command: /root/miniconda3/bin/conda run -n bagel python app.py --mode 2 --server_name 0.0.0.0 --server_port 7860 --zh =====
Traceback (most recent call last):
  File "/root/autodl-tmp/BAGEL/app.py", line 1, in <module>
    import gradio as gr
  File "/root/miniconda3/envs/bagel/lib/python3.10/site-packages/gradio/__init__.py", line 3, in <module>
    import gradio._simple_templates
  File "/root/miniconda3/envs/bagel/lib/python3.10/site-packages/gradio/_simple_templates/__init__.py", line 1, in <module>
    from .simpledropdown import SimpleDropdown
  File "/root/miniconda3/envs/bagel/lib/python3.10/site-packages/gradio/_simple_templates/simpledropdown.py", line 7, in <module>
    from gradio.components.base import Component, FormComponent
  File "/root/miniconda3/envs/bagel/lib/python3.10/site-packages/gradio/components/__init__.py", line 1, in <module>
    from gradio.components.annotated_image import AnnotatedImage
  File "/root/miniconda3/envs/bagel/lib/python3.10/site-packages/gradio/components/annotated_image.py", line 14, in <module>
    from gradio import processing_utils, utils
  File "/root/miniconda3/envs/bagel/lib/python3.10/site-packages/gradio/processing_utils.py", line 120, in <module>
    sync_client = httpx.Client(transport=sync_transport)
  File "/root/miniconda3/envs/bagel/lib/python3.10/site-packages/httpx/_client.py", line 697, in __init__
    self._mounts: dict[URLPattern, BaseTransport | None] = {
  File "/root/miniconda3/envs/bagel/lib/python3.10/site-packages/httpx/_client.py", line 700, in <dictcomp>
    else self._init_proxy_transport(
  File "/root/miniconda3/envs/bagel/lib/python3.10/site-packages/httpx/_client.py", line 750, in _init_proxy_transport
    return HTTPTransport(
  File "/root/miniconda3/envs/bagel/lib/python3.10/site-packages/httpx/_transports/default.py", line 191, in __init__
    raise ImportError(
ImportError: Using SOCKS proxy, but the 'socksio' package is not installed. Make sure to install httpx using `pip install httpx[socks]`.

ERROR conda.cli.main_run:execute(124): `conda run python app.py --mode 2 --server_name 0.0.0.0 --server_port 7860 --zh` failed. (See above for error)
===== monitor result =====
success=0
failed=1
elapsed_seconds=2
pid=119428
===== nvidia-smi after launch/attempt =====
Sun May 31 21:27:31 2026       
+-----------------------------------------------------------------------------------------+
| NVIDIA-SMI 595.58.03              Driver Version: 595.58.03      CUDA Version: 13.2     |
+-----------------------------------------+------------------------+----------------------+
| GPU  Name                 Persistence-M | Bus-Id          Disp.A | Volatile Uncorr. ECC |
| Fan  Temp   Perf          Pwr:Usage/Cap |           Memory-Usage | GPU-Util  Compute M. |
|                                         |                        |               MIG M. |
|=========================================+========================+======================|
|   0  NVIDIA GeForce RTX 4090        On  |   00000000:38:00.0 Off |                  Off |
| 30%   31C    P8             25W /  450W |       1MiB /  24564MiB |      0%      Default |
|                                         |                        |                  N/A |
+-----------------------------------------+------------------------+----------------------+
|   1  NVIDIA GeForce RTX 4090        On  |   00000000:D8:00.0 Off |                  Off |
| 30%   29C    P8             18W /  450W |       1MiB /  24564MiB |      0%      Default |
|                                         |                        |                  N/A |
+-----------------------------------------+------------------------+----------------------+

+-----------------------------------------------------------------------------------------+
| Processes:                                                                              |
|  GPU   GI   CI              PID   Type   Process name                        GPU Memory |
|        ID   ID                                                               Usage      |
|=========================================================================================|
|  No running processes found                                                             |
+-----------------------------------------------------------------------------------------+
===== process stopped at 2026-05-31 21:27:32 CST =====
===== last 120 log lines =====
===== task2 ui launch started at 2026-05-31 21:27:28 CST =====
===== pwd =====
/root/autodl-tmp/BAGEL
===== python version =====
Python 3.10.20

===== nvidia-smi before launch =====
Sun May 31 21:27:29 2026       
+-----------------------------------------------------------------------------------------+
| NVIDIA-SMI 595.58.03              Driver Version: 595.58.03      CUDA Version: 13.2     |
+-----------------------------------------+------------------------+----------------------+
| GPU  Name                 Persistence-M | Bus-Id          Disp.A | Volatile Uncorr. ECC |
| Fan  Temp   Perf          Pwr:Usage/Cap |           Memory-Usage | GPU-Util  Compute M. |
|                                         |                        |               MIG M. |
|=========================================+========================+======================|
|   0  NVIDIA GeForce RTX 4090        On  |   00000000:38:00.0 Off |                  Off |
| 30%   31C    P8             25W /  450W |       1MiB /  24564MiB |      0%      Default |
|                                         |                        |                  N/A |
+-----------------------------------------+------------------------+----------------------+
|   1  NVIDIA GeForce RTX 4090        On  |   00000000:D8:00.0 Off |                  Off |
| 30%   29C    P8             17W /  450W |       1MiB /  24564MiB |      0%      Default |
|                                         |                        |                  N/A |
+-----------------------------------------+------------------------+----------------------+

+-----------------------------------------------------------------------------------------+
| Processes:                                                                              |
|  GPU   GI   CI              PID   Type   Process name                        GPU Memory |
|        ID   ID                                                               Usage      |
|=========================================================================================|
|  No running processes found                                                             |
+-----------------------------------------------------------------------------------------+
===== launch command: /root/miniconda3/bin/conda run -n bagel python app.py --mode 2 --server_name 0.0.0.0 --server_port 7860 --zh =====
Traceback (most recent call last):
  File "/root/autodl-tmp/BAGEL/app.py", line 1, in <module>
    import gradio as gr
  File "/root/miniconda3/envs/bagel/lib/python3.10/site-packages/gradio/__init__.py", line 3, in <module>
    import gradio._simple_templates
  File "/root/miniconda3/envs/bagel/lib/python3.10/site-packages/gradio/_simple_templates/__init__.py", line 1, in <module>
    from .simpledropdown import SimpleDropdown
  File "/root/miniconda3/envs/bagel/lib/python3.10/site-packages/gradio/_simple_templates/simpledropdown.py", line 7, in <module>
    from gradio.components.base import Component, FormComponent
  File "/root/miniconda3/envs/bagel/lib/python3.10/site-packages/gradio/components/__init__.py", line 1, in <module>
    from gradio.components.annotated_image import AnnotatedImage
  File "/root/miniconda3/envs/bagel/lib/python3.10/site-packages/gradio/components/annotated_image.py", line 14, in <module>
    from gradio import processing_utils, utils
  File "/root/miniconda3/envs/bagel/lib/python3.10/site-packages/gradio/processing_utils.py", line 120, in <module>
    sync_client = httpx.Client(transport=sync_transport)
  File "/root/miniconda3/envs/bagel/lib/python3.10/site-packages/httpx/_client.py", line 697, in __init__
    self._mounts: dict[URLPattern, BaseTransport | None] = {
  File "/root/miniconda3/envs/bagel/lib/python3.10/site-packages/httpx/_client.py", line 700, in <dictcomp>
    else self._init_proxy_transport(
  File "/root/miniconda3/envs/bagel/lib/python3.10/site-packages/httpx/_client.py", line 750, in _init_proxy_transport
    return HTTPTransport(
  File "/root/miniconda3/envs/bagel/lib/python3.10/site-packages/httpx/_transports/default.py", line 191, in __init__
    raise ImportError(
ImportError: Using SOCKS proxy, but the 'socksio' package is not installed. Make sure to install httpx using `pip install httpx[socks]`.

ERROR conda.cli.main_run:execute(124): `conda run python app.py --mode 2 --server_name 0.0.0.0 --server_port 7860 --zh` failed. (See above for error)
===== monitor result =====
success=0
failed=1
elapsed_seconds=2
pid=119428
===== nvidia-smi after launch/attempt =====
Sun May 31 21:27:31 2026       
+-----------------------------------------------------------------------------------------+
| NVIDIA-SMI 595.58.03              Driver Version: 595.58.03      CUDA Version: 13.2     |
+-----------------------------------------+------------------------+----------------------+
| GPU  Name                 Persistence-M | Bus-Id          Disp.A | Volatile Uncorr. ECC |
| Fan  Temp   Perf          Pwr:Usage/Cap |           Memory-Usage | GPU-Util  Compute M. |
|                                         |                        |               MIG M. |
|=========================================+========================+======================|
|   0  NVIDIA GeForce RTX 4090        On  |   00000000:38:00.0 Off |                  Off |
| 30%   31C    P8             25W /  450W |       1MiB /  24564MiB |      0%      Default |
|                                         |                        |                  N/A |
+-----------------------------------------+------------------------+----------------------+
|   1  NVIDIA GeForce RTX 4090        On  |   00000000:D8:00.0 Off |                  Off |
| 30%   29C    P8             18W /  450W |       1MiB /  24564MiB |      0%      Default |
|                                         |                        |                  N/A |
+-----------------------------------------+------------------------+----------------------+

+-----------------------------------------------------------------------------------------+
| Processes:                                                                              |
|  GPU   GI   CI              PID   Type   Process name                        GPU Memory |
|        ID   ID                                                               Usage      |
|=========================================================================================|
|  No running processes found                                                             |
+-----------------------------------------------------------------------------------------+
===== process stopped at 2026-05-31 21:27:32 CST =====
===== last 120 log lines =====
